\BOOKMARK [0][-]{chapter.1}{\376\377\000I\000n\000t\000r\000o\000d\000u\000c\000t\000i\000o\000n}{}% 1
\BOOKMARK [0][-]{chapter.2}{\376\377\000G\000r\000a\000v\000i\000t\000a\000t\000i\000o\000n\000a\000l\000\040\000W\000a\000v\000e\000s}{}% 2
\BOOKMARK [1][-]{section.2.1}{\376\377\000G\000e\000n\000e\000r\000a\000l\000\040\000R\000e\000l\000a\000t\000i\000v\000i\000t\000y}{chapter.2}% 3
\BOOKMARK [1][-]{section.2.2}{\376\377\000P\000r\000o\000p\000e\000r\000t\000i\000e\000s\000\040\000i\000n\000\040\000V\000a\000c\000u\000u\000m}{chapter.2}% 4
\BOOKMARK [1][-]{section.2.3}{\376\377\000P\000r\000o\000d\000u\000c\000t\000i\000o\000n}{chapter.2}% 5
\BOOKMARK [1][-]{section.2.4}{\376\377\000C\000o\000m\000p\000a\000c\000t\000\040\000B\000i\000n\000a\000r\000y\000\040\000C\000o\000a\000l\000e\000s\000c\000e\000n\000c\000e\000s}{chapter.2}% 6
\BOOKMARK [0][-]{chapter.3}{\376\377\000T\000h\000e\000\040\000E\000i\000n\000s\000t\000e\000i\000n\000\040\000T\000e\000l\000e\000s\000c\000o\000p\000e}{}% 7
\BOOKMARK [1][-]{section.3.1}{\376\377\000I\000n\000t\000e\000r\000f\000e\000r\000o\000m\000e\000t\000r\000i\000c\000\040\000D\000e\000t\000e\000c\000t\000i\000o\000n}{chapter.3}% 8
\BOOKMARK [1][-]{section.3.2}{\376\377\000C\000o\000n\000c\000e\000p\000t\000u\000a\000l\000\040\000D\000e\000s\000i\000g\000n}{chapter.3}% 9
\BOOKMARK [1][-]{section.3.3}{\376\377\000S\000c\000i\000e\000n\000t\000i\000f\000i\000c\000\040\000G\000o\000a\000l\000s}{chapter.3}% 10
\BOOKMARK [0][-]{chapter.4}{\376\377\000L\000o\000w\000-\000L\000a\000t\000e\000n\000c\000y\000\040\000S\000e\000a\000r\000c\000h\000e\000s}{}% 11
\BOOKMARK [1][-]{section.4.1}{\376\377\000P\000r\000o\000b\000l\000e\000m\000\040\000S\000e\000t\000u\000p}{chapter.4}% 12
\BOOKMARK [1][-]{section.4.2}{\376\377\000M\000a\000t\000c\000h\000e\000d\000\040\000F\000i\000l\000t\000e\000r\000i\000n\000g}{chapter.4}% 13
\BOOKMARK [1][-]{section.4.3}{\376\377\000C\000h\000a\000l\000l\000e\000n\000g\000e\000s\000\040\000a\000n\000d\000\040\000T\000h\000e\000s\000i\000s\000\040\000M\000o\000t\000i\000v\000a\000t\000i\000o\000n}{chapter.4}% 14
\BOOKMARK [0][-]{chapter.5}{\376\377\000M\000a\000c\000h\000i\000n\000e\000\040\000L\000e\000a\000r\000n\000i\000n\000g}{}% 15
\BOOKMARK [1][-]{section.5.1}{\376\377\000B\000a\000s\000i\000c\000s}{chapter.5}% 16
\BOOKMARK [1][-]{section.5.2}{\376\377\000C\000o\000n\000v\000o\000l\000u\000t\000i\000o\000n\000a\000l\000\040\000N\000e\000u\000r\000a\000l\000\040\000N\000e\000t\000w\000o\000r\000k\000s}{chapter.5}% 17
\BOOKMARK [1][-]{section.5.3}{\376\377\000T\000r\000a\000n\000s\000f\000o\000r\000m\000e\000r\000s}{chapter.5}% 18
\BOOKMARK [0][-]{chapter.6}{\376\377\000D\000a\000t\000a\000\040\000S\000i\000m\000u\000l\000a\000t\000i\000o\000n}{}% 19
\BOOKMARK [1][-]{section.6.1}{\376\377\000D\000e\000t\000e\000c\000t\000o\000r\000\040\000N\000o\000i\000s\000e}{chapter.6}% 20
\BOOKMARK [1][-]{section.6.2}{\376\377\000G\000r\000a\000v\000i\000t\000a\000t\000i\000o\000n\000a\000l\000\040\000W\000a\000v\000e\000\040\000S\000i\000g\000n\000a\000l\000s}{chapter.6}% 21
\BOOKMARK [1][-]{section.6.3}{\376\377\000S\000a\000m\000p\000l\000e\000s\000\040\000a\000n\000d\000\040\000D\000a\000t\000a\000s\000e\000t\000s}{chapter.6}% 22
\BOOKMARK [1][-]{section.6.4}{\376\377\000P\000o\000s\000t\000-\000P\000r\000o\000c\000e\000s\000s\000i\000n\000g}{chapter.6}% 23
\BOOKMARK [0][-]{chapter.7}{\376\377\000B\000i\000n\000a\000r\000y\000\040\000C\000l\000a\000s\000s\000i\000f\000i\000c\000a\000t\000i\000o\000n}{}% 24
\BOOKMARK [1][-]{section.7.1}{\376\377\000P\000r\000o\000b\000l\000e\000m\000\040\000S\000e\000t\000u\000p}{chapter.7}% 25
\BOOKMARK [1][-]{section.7.2}{\376\377\000C\000N\000N\000\040\000a\000n\000d\000\040\000T\000r\000a\000n\000s\000f\000o\000r\000m\000e\000r\000\040\000M\000o\000d\000e\000l\000s}{chapter.7}% 26
\BOOKMARK [1][-]{section.7.3}{\376\377\000T\000r\000a\000i\000n\000i\000n\000g}{chapter.7}% 27
\BOOKMARK [1][-]{section.7.4}{\376\377\000P\000e\000r\000f\000o\000r\000m\000a\000n\000c\000e\000\040\000C\000o\000m\000p\000a\000r\000i\000s\000o\000n}{chapter.7}% 28
\BOOKMARK [1][-]{section.7.5}{\376\377\000P\000a\000r\000a\000m\000e\000t\000e\000r\000\040\000B\000i\000a\000s\000e\000s}{chapter.7}% 29
\BOOKMARK [1][-]{section.7.6}{\376\377\000A\000t\000t\000e\000n\000t\000i\000o\000n\000\040\000A\000n\000a\000l\000y\000s\000i\000s}{chapter.7}% 30
\BOOKMARK [1][-]{section.7.7}{\376\377\000S\000u\000m\000m\000a\000r\000y}{chapter.7}% 31
\BOOKMARK [0][-]{chapter.8}{\376\377\000H\000e\000a\000t\000m\000a\000p\000\040\000R\000e\000g\000r\000e\000s\000s\000i\000o\000n}{}% 32
\BOOKMARK [1][-]{section.8.1}{\376\377\000P\000r\000o\000b\000l\000e\000m\000\040\000S\000e\000t\000u\000p}{chapter.8}% 33
\BOOKMARK [1][-]{section.8.2}{\376\377\000H\000e\000a\000t\000m\000a\000p\000\040\000C\000o\000n\000s\000t\000r\000u\000c\000t\000i\000o\000n\000\040\000a\000n\000d\000\040\000P\000o\000s\000t\000-\000P\000r\000o\000c\000e\000s\000s\000i\000n\000g}{chapter.8}% 34
\BOOKMARK [1][-]{section.8.3}{\376\377\000C\000N\000N\000\040\000a\000n\000d\000\040\000T\000r\000a\000n\000s\000f\000o\000r\000m\000e\000r\000\040\000M\000o\000d\000e\000l\000s}{chapter.8}% 35
\BOOKMARK [1][-]{section.8.4}{\376\377\000P\000e\000r\000f\000o\000r\000m\000a\000n\000c\000e\000\040\000C\000o\000m\000p\000a\000r\000i\000s\000o\000n}{chapter.8}% 36
\BOOKMARK [1][-]{section.8.5}{\376\377\000I\000n\000j\000e\000c\000t\000i\000o\000n\000\040\000S\000t\000u\000d\000y}{chapter.8}% 37
\BOOKMARK [1][-]{section.8.6}{\376\377\000S\000u\000m\000m\000a\000r\000y}{chapter.8}% 38
\BOOKMARK [0][-]{chapter.9}{\376\377\000D\000e\000t\000e\000c\000t\000i\000o\000n\000\040\000T\000r\000a\000n\000s\000f\000o\000r\000m\000e\000r}{}% 39
\BOOKMARK [1][-]{section.9.1}{\376\377\000A\000r\000c\000h\000i\000t\000e\000c\000t\000u\000r\000e}{chapter.9}% 40
\BOOKMARK [1][-]{section.9.2}{\376\377\000T\000r\000a\000i\000n\000i\000n\000g}{chapter.9}% 41
\BOOKMARK [1][-]{section.9.3}{\376\377\000C\000o\000m\000p\000a\000r\000i\000s\000o\000n\000\040\000w\000i\000t\000h\000\040\000H\000e\000a\000t\000m\000a\000p\000\040\000R\000e\000g\000r\000e\000s\000s\000i\000o\000n}{chapter.9}% 42
\BOOKMARK [1][-]{section.9.4}{\376\377\000I\000n\000j\000e\000c\000t\000i\000o\000n\000\040\000S\000t\000u\000d\000y}{chapter.9}% 43
\BOOKMARK [1][-]{section.9.5}{\376\377\000D\000i\000s\000c\000u\000s\000s\000i\000o\000n}{chapter.9}% 44
\BOOKMARK [0][-]{chapter.10}{\376\377\000C\000o\000n\000c\000l\000u\000s\000i\000o\000n}{}% 45
\BOOKMARK [0][-]{appendix.A}{\376\377\000Q\000u\000a\000d\000r\000u\000p\000o\000l\000e\000\040\000M\000o\000m\000e\000n\000t}{}% 46
